[0.007s] Invoking command in '/home/rog-ubundu/mochibot_ws/build/mochibot_description': CMAKE_PREFIX_PATH=${CMAKE_PREFIX_PATH}:/opt/ros/jazzy DEBUGINFOD_URLS=https://debuginfod.ubuntu.com /usr/bin/cmake /home/rog-ubundu/mochibot_ws/src/mochibot_description -DAMENT_CMAKE_SYMLINK_INSTALL=1 -DCMAKE_INSTALL_PREFIX=/home/rog-ubundu/mochibot_ws/install/mochibot_description
[0.075s] -- The C compiler identification is GNU 13.3.0
[0.133s] -- The CXX compiler identification is GNU 13.3.0
[0.142s] -- Detecting C compiler ABI info
[0.191s] -- Detecting C compiler ABI info - done
[0.196s] -- Check for working C compiler: /usr/bin/cc - skipped
[0.196s] -- Detecting C compile features
[0.196s] -- Detecting C compile features - done
[0.201s] -- Detecting CXX compiler ABI info
[0.253s] -- Detecting CXX compiler ABI info - done
[0.259s] -- Check for working CXX compiler: /usr/bin/c++ - skipped
[0.259s] -- Detecting CXX compile features
[0.260s] -- Detecting CXX compile features - done
[0.261s] -- Found ament_cmake: 2.5.6 (/opt/ros/jazzy/share/ament_cmake/cmake)
[0.338s] -- Found Python3: /usr/bin/python3 (found version "3.12.3") found components: Interpreter 
[0.380s] -- Override CMake install command with custom implementation using symlinks instead of copying resources
[0.399s] -- Found ament_lint_auto: 0.17.5 (/opt/ros/jazzy/share/ament_lint_auto/cmake)
[0.457s] -- Added test 'lint_cmake' to check CMake code style
[0.458s] -- Added test 'xmllint' to check XML markup files
[0.459s] -- Configuring done (0.4s)
[0.460s] -- Generating done (0.0s)
[0.461s] -- Build files have been written to: /home/rog-ubundu/mochibot_ws/build/mochibot_description
[0.466s] Invoked command in '/home/rog-ubundu/mochibot_ws/build/mochibot_description' returned '0': CMAKE_PREFIX_PATH=${CMAKE_PREFIX_PATH}:/opt/ros/jazzy DEBUGINFOD_URLS=https://debuginfod.ubuntu.com /usr/bin/cmake /home/rog-ubundu/mochibot_ws/src/mochibot_description -DAMENT_CMAKE_SYMLINK_INSTALL=1 -DCMAKE_INSTALL_PREFIX=/home/rog-ubundu/mochibot_ws/install/mochibot_description
[0.467s] Invoking command in '/home/rog-ubundu/mochibot_ws/build/mochibot_description': CMAKE_PREFIX_PATH=${CMAKE_PREFIX_PATH}:/opt/ros/jazzy DEBUGINFOD_URLS=https://debuginfod.ubuntu.com /usr/bin/cmake --build /home/rog-ubundu/mochibot_ws/build/mochibot_description -- -j24 -l24
[0.489s] Invoked command in '/home/rog-ubundu/mochibot_ws/build/mochibot_description' returned '0': CMAKE_PREFIX_PATH=${CMAKE_PREFIX_PATH}:/opt/ros/jazzy DEBUGINFOD_URLS=https://debuginfod.ubuntu.com /usr/bin/cmake --build /home/rog-ubundu/mochibot_ws/build/mochibot_description -- -j24 -l24
[0.489s] Invoking command in '/home/rog-ubundu/mochibot_ws/build/mochibot_description': CMAKE_PREFIX_PATH=${CMAKE_PREFIX_PATH}:/opt/ros/jazzy DEBUGINFOD_URLS=https://debuginfod.ubuntu.com /usr/bin/cmake --install /home/rog-ubundu/mochibot_ws/build/mochibot_description
[0.493s] -- Install configuration: ""
[0.493s] -- Execute custom install script
[0.493s] -- Symlinking: /home/rog-ubundu/mochibot_ws/install/mochibot_description/share/ament_index/resource_index/package_run_dependencies/mochibot_description
[0.497s] -- Symlinking: /home/rog-ubundu/mochibot_ws/install/mochibot_description/share/ament_index/resource_index/parent_prefix_path/mochibot_description
[0.502s] -- Symlinking: /home/rog-ubundu/mochibot_ws/install/mochibot_description/share/mochibot_description/environment/ament_prefix_path.sh
[0.506s] -- Symlinking: /home/rog-ubundu/mochibot_ws/install/mochibot_description/share/mochibot_description/environment/ament_prefix_path.dsv
[0.511s] -- Symlinking: /home/rog-ubundu/mochibot_ws/install/mochibot_description/share/mochibot_description/environment/path.sh
[0.515s] -- Symlinking: /home/rog-ubundu/mochibot_ws/install/mochibot_description/share/mochibot_description/environment/path.dsv
[0.519s] -- Symlinking: /home/rog-ubundu/mochibot_ws/install/mochibot_description/share/mochibot_description/local_setup.bash
[0.523s] -- Symlinking: /home/rog-ubundu/mochibot_ws/install/mochibot_description/share/mochibot_description/local_setup.sh
[0.527s] -- Symlinking: /home/rog-ubundu/mochibot_ws/install/mochibot_description/share/mochibot_description/local_setup.zsh
[0.531s] -- Symlinking: /home/rog-ubundu/mochibot_ws/install/mochibot_description/share/mochibot_description/local_setup.dsv
[0.534s] -- Symlinking: /home/rog-ubundu/mochibot_ws/install/mochibot_description/share/mochibot_description/package.dsv
[0.538s] -- Symlinking: /home/rog-ubundu/mochibot_ws/install/mochibot_description/share/ament_index/resource_index/packages/mochibot_description
[0.542s] -- Symlinking: /home/rog-ubundu/mochibot_ws/install/mochibot_description/share/mochibot_description/cmake/mochibot_descriptionConfig.cmake
[0.546s] -- Symlinking: /home/rog-ubundu/mochibot_ws/install/mochibot_description/share/mochibot_description/cmake/mochibot_descriptionConfig-version.cmake
[0.550s] -- Symlinking: /home/rog-ubundu/mochibot_ws/install/mochibot_description/share/mochibot_description/package.xml
[0.564s] Invoked command in '/home/rog-ubundu/mochibot_ws/build/mochibot_description' returned '0': CMAKE_PREFIX_PATH=${CMAKE_PREFIX_PATH}:/opt/ros/jazzy DEBUGINFOD_URLS=https://debuginfod.ubuntu.com /usr/bin/cmake --install /home/rog-ubundu/mochibot_ws/build/mochibot_description
