[0.009s] Invoking command in '/home/rog-ubundu/mochibot_ws/build/mochibot_bringup': CMAKE_PREFIX_PATH=${CMAKE_PREFIX_PATH}:/opt/ros/jazzy DEBUGINFOD_URLS=https://debuginfod.ubuntu.com /usr/bin/cmake /home/rog-ubundu/mochibot_ws/src/mochibot_bringup -DAMENT_CMAKE_SYMLINK_INSTALL=1 -DCMAKE_INSTALL_PREFIX=/home/rog-ubundu/mochibot_ws/install/mochibot_bringup
[0.077s] -- The C compiler identification is GNU 13.3.0
[0.136s] -- The CXX compiler identification is GNU 13.3.0
[0.144s] -- Detecting C compiler ABI info
[0.193s] -- Detecting C compiler ABI info - done
[0.198s] -- Check for working C compiler: /usr/bin/cc - skipped
[0.198s] -- Detecting C compile features
[0.198s] -- Detecting C compile features - done
[0.203s] -- Detecting CXX compiler ABI info
[0.255s] -- Detecting CXX compiler ABI info - done
[0.260s] -- Check for working CXX compiler: /usr/bin/c++ - skipped
[0.260s] -- Detecting CXX compile features
[0.261s] -- Detecting CXX compile features - done
[0.262s] -- Found ament_cmake: 2.5.6 (/opt/ros/jazzy/share/ament_cmake/cmake)
[0.340s] -- Found Python3: /usr/bin/python3 (found version "3.12.3") found components: Interpreter 
[0.382s] -- Override CMake install command with custom implementation using symlinks instead of copying resources
[0.403s] -- Found ament_lint_auto: 0.17.5 (/opt/ros/jazzy/share/ament_lint_auto/cmake)
[0.458s] -- Added test 'lint_cmake' to check CMake code style
[0.458s] -- Added test 'xmllint' to check XML markup files
[0.459s] -- Configuring done (0.4s)
[0.460s] -- Generating done (0.0s)
[0.460s] -- Build files have been written to: /home/rog-ubundu/mochibot_ws/build/mochibot_bringup
[0.464s] Invoked command in '/home/rog-ubundu/mochibot_ws/build/mochibot_bringup' returned '0': CMAKE_PREFIX_PATH=${CMAKE_PREFIX_PATH}:/opt/ros/jazzy DEBUGINFOD_URLS=https://debuginfod.ubuntu.com /usr/bin/cmake /home/rog-ubundu/mochibot_ws/src/mochibot_bringup -DAMENT_CMAKE_SYMLINK_INSTALL=1 -DCMAKE_INSTALL_PREFIX=/home/rog-ubundu/mochibot_ws/install/mochibot_bringup
[0.465s] Invoking command in '/home/rog-ubundu/mochibot_ws/build/mochibot_bringup': CMAKE_PREFIX_PATH=${CMAKE_PREFIX_PATH}:/opt/ros/jazzy DEBUGINFOD_URLS=https://debuginfod.ubuntu.com /usr/bin/cmake --build /home/rog-ubundu/mochibot_ws/build/mochibot_bringup -- -j24 -l24
[0.486s] Invoked command in '/home/rog-ubundu/mochibot_ws/build/mochibot_bringup' returned '0': CMAKE_PREFIX_PATH=${CMAKE_PREFIX_PATH}:/opt/ros/jazzy DEBUGINFOD_URLS=https://debuginfod.ubuntu.com /usr/bin/cmake --build /home/rog-ubundu/mochibot_ws/build/mochibot_bringup -- -j24 -l24
[0.490s] Invoking command in '/home/rog-ubundu/mochibot_ws/build/mochibot_bringup': CMAKE_PREFIX_PATH=${CMAKE_PREFIX_PATH}:/opt/ros/jazzy DEBUGINFOD_URLS=https://debuginfod.ubuntu.com /usr/bin/cmake --install /home/rog-ubundu/mochibot_ws/build/mochibot_bringup
[0.494s] -- Install configuration: ""
[0.494s] -- Execute custom install script
[0.494s] -- Symlinking: /home/rog-ubundu/mochibot_ws/install/mochibot_bringup/share/ament_index/resource_index/package_run_dependencies/mochibot_bringup
[0.499s] -- Symlinking: /home/rog-ubundu/mochibot_ws/install/mochibot_bringup/share/ament_index/resource_index/parent_prefix_path/mochibot_bringup
[0.503s] -- Symlinking: /home/rog-ubundu/mochibot_ws/install/mochibot_bringup/share/mochibot_bringup/environment/ament_prefix_path.sh
[0.507s] -- Symlinking: /home/rog-ubundu/mochibot_ws/install/mochibot_bringup/share/mochibot_bringup/environment/ament_prefix_path.dsv
[0.512s] -- Symlinking: /home/rog-ubundu/mochibot_ws/install/mochibot_bringup/share/mochibot_bringup/environment/path.sh
[0.516s] -- Symlinking: /home/rog-ubundu/mochibot_ws/install/mochibot_bringup/share/mochibot_bringup/environment/path.dsv
[0.520s] -- Symlinking: /home/rog-ubundu/mochibot_ws/install/mochibot_bringup/share/mochibot_bringup/local_setup.bash
[0.524s] -- Symlinking: /home/rog-ubundu/mochibot_ws/install/mochibot_bringup/share/mochibot_bringup/local_setup.sh
[0.528s] -- Symlinking: /home/rog-ubundu/mochibot_ws/install/mochibot_bringup/share/mochibot_bringup/local_setup.zsh
[0.532s] -- Symlinking: /home/rog-ubundu/mochibot_ws/install/mochibot_bringup/share/mochibot_bringup/local_setup.dsv
[0.536s] -- Symlinking: /home/rog-ubundu/mochibot_ws/install/mochibot_bringup/share/mochibot_bringup/package.dsv
[0.540s] -- Symlinking: /home/rog-ubundu/mochibot_ws/install/mochibot_bringup/share/ament_index/resource_index/packages/mochibot_bringup
[0.544s] -- Symlinking: /home/rog-ubundu/mochibot_ws/install/mochibot_bringup/share/mochibot_bringup/cmake/mochibot_bringupConfig.cmake
[0.548s] -- Symlinking: /home/rog-ubundu/mochibot_ws/install/mochibot_bringup/share/mochibot_bringup/cmake/mochibot_bringupConfig-version.cmake
[0.552s] -- Symlinking: /home/rog-ubundu/mochibot_ws/install/mochibot_bringup/share/mochibot_bringup/package.xml
[0.557s] Invoked command in '/home/rog-ubundu/mochibot_ws/build/mochibot_bringup' returned '0': CMAKE_PREFIX_PATH=${CMAKE_PREFIX_PATH}:/opt/ros/jazzy DEBUGINFOD_URLS=https://debuginfod.ubuntu.com /usr/bin/cmake --install /home/rog-ubundu/mochibot_ws/build/mochibot_bringup
