-- The C compiler identification is GNU 13.3.0
-- The CXX compiler identification is GNU 13.3.0
-- Detecting C compiler ABI info
-- Detecting C compiler ABI info - done
-- Check for working C compiler: /usr/bin/cc - skipped
-- Detecting C compile features
-- Detecting C compile features - done
-- Detecting CXX compiler ABI info
-- Detecting CXX compiler ABI info - done
-- Check for working CXX compiler: /usr/bin/c++ - skipped
-- Detecting CXX compile features
-- Detecting CXX compile features - done
-- Found ament_cmake: 2.5.6 (/opt/ros/jazzy/share/ament_cmake/cmake)
-- Found Python3: /usr/bin/python3 (found version "3.12.3") found components: Interpreter 
-- Override CMake install command with custom implementation using symlinks instead of copying resources
-- Found ament_lint_auto: 0.17.5 (/opt/ros/jazzy/share/ament_lint_auto/cmake)
-- Added test 'lint_cmake' to check CMake code style
-- Added test 'xmllint' to check XML markup files
-- Configuring done (0.4s)
-- Generating done (0.0s)
-- Build files have been written to: /home/rog-ubundu/mochibot_ws/build/mochibot_perception
-- Install configuration: ""
-- Execute custom install script
-- Symlinking: /home/rog-ubundu/mochibot_ws/install/mochibot_perception/share/ament_index/resource_index/package_run_dependencies/mochibot_perception
-- Symlinking: /home/rog-ubundu/mochibot_ws/install/mochibot_perception/share/ament_index/resource_index/parent_prefix_path/mochibot_perception
-- Symlinking: /home/rog-ubundu/mochibot_ws/install/mochibot_perception/share/mochibot_perception/environment/ament_prefix_path.sh
-- Symlinking: /home/rog-ubundu/mochibot_ws/install/mochibot_perception/share/mochibot_perception/environment/ament_prefix_path.dsv
-- Symlinking: /home/rog-ubundu/mochibot_ws/install/mochibot_perception/share/mochibot_perception/environment/path.sh
-- Symlinking: /home/rog-ubundu/mochibot_ws/install/mochibot_perception/share/mochibot_perception/environment/path.dsv
-- Symlinking: /home/rog-ubundu/mochibot_ws/install/mochibot_perception/share/mochibot_perception/local_setup.bash
-- Symlinking: /home/rog-ubundu/mochibot_ws/install/mochibot_perception/share/mochibot_perception/local_setup.sh
-- Symlinking: /home/rog-ubundu/mochibot_ws/install/mochibot_perception/share/mochibot_perception/local_setup.zsh
-- Symlinking: /home/rog-ubundu/mochibot_ws/install/mochibot_perception/share/mochibot_perception/local_setup.dsv
-- Symlinking: /home/rog-ubundu/mochibot_ws/install/mochibot_perception/share/mochibot_perception/package.dsv
-- Symlinking: /home/rog-ubundu/mochibot_ws/install/mochibot_perception/share/ament_index/resource_index/packages/mochibot_perception
-- Symlinking: /home/rog-ubundu/mochibot_ws/install/mochibot_perception/share/mochibot_perception/cmake/mochibot_perceptionConfig.cmake
-- Symlinking: /home/rog-ubundu/mochibot_ws/install/mochibot_perception/share/mochibot_perception/cmake/mochibot_perceptionConfig-version.cmake
-- Symlinking: /home/rog-ubundu/mochibot_ws/install/mochibot_perception/share/mochibot_perception/package.xml
