[0.009s] Invoking command in '/home/rog-ubundu/mochibot_ws/build/mochibot_perception': CMAKE_PREFIX_PATH=${CMAKE_PREFIX_PATH}:/opt/ros/jazzy DEBUGINFOD_URLS=https://debuginfod.ubuntu.com /usr/bin/cmake /home/rog-ubundu/mochibot_ws/src/mochibot_perception -DAMENT_CMAKE_SYMLINK_INSTALL=1 -DCMAKE_INSTALL_PREFIX=/home/rog-ubundu/mochibot_ws/install/mochibot_perception
[0.072s] -- The C compiler identification is GNU 13.3.0
[0.130s] -- The CXX compiler identification is GNU 13.3.0
[0.140s] -- Detecting C compiler ABI info
[0.188s] -- Detecting C compiler ABI info - done
[0.193s] -- Check for working C compiler: /usr/bin/cc - skipped
[0.194s] -- Detecting C compile features
[0.194s] -- Detecting C compile features - done
[0.198s] -- Detecting CXX compiler ABI info
[0.249s] -- Detecting CXX compiler ABI info - done
[0.255s] -- Check for working CXX compiler: /usr/bin/c++ - skipped
[0.256s] -- Detecting CXX compile features
[0.256s] -- Detecting CXX compile features - done
[0.257s] -- Found ament_cmake: 2.5.6 (/opt/ros/jazzy/share/ament_cmake/cmake)
[0.335s] -- Found Python3: /usr/bin/python3 (found version "3.12.3") found components: Interpreter 
[0.377s] -- Override CMake install command with custom implementation using symlinks instead of copying resources
[0.397s] -- Found ament_lint_auto: 0.17.5 (/opt/ros/jazzy/share/ament_lint_auto/cmake)
[0.455s] -- Added test 'lint_cmake' to check CMake code style
[0.455s] -- Added test 'xmllint' to check XML markup files
[0.456s] -- Configuring done (0.4s)
[0.457s] -- Generating done (0.0s)
[0.458s] -- Build files have been written to: /home/rog-ubundu/mochibot_ws/build/mochibot_perception
[0.461s] Invoked command in '/home/rog-ubundu/mochibot_ws/build/mochibot_perception' returned '0': CMAKE_PREFIX_PATH=${CMAKE_PREFIX_PATH}:/opt/ros/jazzy DEBUGINFOD_URLS=https://debuginfod.ubuntu.com /usr/bin/cmake /home/rog-ubundu/mochibot_ws/src/mochibot_perception -DAMENT_CMAKE_SYMLINK_INSTALL=1 -DCMAKE_INSTALL_PREFIX=/home/rog-ubundu/mochibot_ws/install/mochibot_perception
[0.461s] Invoking command in '/home/rog-ubundu/mochibot_ws/build/mochibot_perception': CMAKE_PREFIX_PATH=${CMAKE_PREFIX_PATH}:/opt/ros/jazzy DEBUGINFOD_URLS=https://debuginfod.ubuntu.com /usr/bin/cmake --build /home/rog-ubundu/mochibot_ws/build/mochibot_perception -- -j24 -l24
[0.488s] Invoked command in '/home/rog-ubundu/mochibot_ws/build/mochibot_perception' returned '0': CMAKE_PREFIX_PATH=${CMAKE_PREFIX_PATH}:/opt/ros/jazzy DEBUGINFOD_URLS=https://debuginfod.ubuntu.com /usr/bin/cmake --build /home/rog-ubundu/mochibot_ws/build/mochibot_perception -- -j24 -l24
[0.488s] Invoking command in '/home/rog-ubundu/mochibot_ws/build/mochibot_perception': CMAKE_PREFIX_PATH=${CMAKE_PREFIX_PATH}:/opt/ros/jazzy DEBUGINFOD_URLS=https://debuginfod.ubuntu.com /usr/bin/cmake --install /home/rog-ubundu/mochibot_ws/build/mochibot_perception
[0.492s] -- Install configuration: ""
[0.492s] -- Execute custom install script
[0.492s] -- Symlinking: /home/rog-ubundu/mochibot_ws/install/mochibot_perception/share/ament_index/resource_index/package_run_dependencies/mochibot_perception
[0.497s] -- Symlinking: /home/rog-ubundu/mochibot_ws/install/mochibot_perception/share/ament_index/resource_index/parent_prefix_path/mochibot_perception
[0.501s] -- Symlinking: /home/rog-ubundu/mochibot_ws/install/mochibot_perception/share/mochibot_perception/environment/ament_prefix_path.sh
[0.505s] -- Symlinking: /home/rog-ubundu/mochibot_ws/install/mochibot_perception/share/mochibot_perception/environment/ament_prefix_path.dsv
[0.509s] -- Symlinking: /home/rog-ubundu/mochibot_ws/install/mochibot_perception/share/mochibot_perception/environment/path.sh
[0.514s] -- Symlinking: /home/rog-ubundu/mochibot_ws/install/mochibot_perception/share/mochibot_perception/environment/path.dsv
[0.518s] -- Symlinking: /home/rog-ubundu/mochibot_ws/install/mochibot_perception/share/mochibot_perception/local_setup.bash
[0.522s] -- Symlinking: /home/rog-ubundu/mochibot_ws/install/mochibot_perception/share/mochibot_perception/local_setup.sh
[0.526s] -- Symlinking: /home/rog-ubundu/mochibot_ws/install/mochibot_perception/share/mochibot_perception/local_setup.zsh
[0.530s] -- Symlinking: /home/rog-ubundu/mochibot_ws/install/mochibot_perception/share/mochibot_perception/local_setup.dsv
[0.534s] -- Symlinking: /home/rog-ubundu/mochibot_ws/install/mochibot_perception/share/mochibot_perception/package.dsv
[0.538s] -- Symlinking: /home/rog-ubundu/mochibot_ws/install/mochibot_perception/share/ament_index/resource_index/packages/mochibot_perception
[0.541s] -- Symlinking: /home/rog-ubundu/mochibot_ws/install/mochibot_perception/share/mochibot_perception/cmake/mochibot_perceptionConfig.cmake
[0.545s] -- Symlinking: /home/rog-ubundu/mochibot_ws/install/mochibot_perception/share/mochibot_perception/cmake/mochibot_perceptionConfig-version.cmake
[0.549s] -- Symlinking: /home/rog-ubundu/mochibot_ws/install/mochibot_perception/share/mochibot_perception/package.xml
[0.572s] Invoked command in '/home/rog-ubundu/mochibot_ws/build/mochibot_perception' returned '0': CMAKE_PREFIX_PATH=${CMAKE_PREFIX_PATH}:/opt/ros/jazzy DEBUGINFOD_URLS=https://debuginfod.ubuntu.com /usr/bin/cmake --install /home/rog-ubundu/mochibot_ws/build/mochibot_perception
